// Jest Snapshot v1, https://goo.gl/fbAQLP

exports[`render EditExpensePage 1`] = `
<div
  className="form-body"
>
  <div
    className="page-header"
  >
    <div
      className="content-container"
    >
      <h1
        className="page-header__title"
      >
        Edit Expense
      </h1>
    </div>
  </div>
  <div
    className="content-container"
  >
    <ExpenseForm
      expense={
        Object {
          "amount": 4500,
          "createdAt": 259200000,
          "description": "Online Shopping",
          "id": "3",
          "note": "Today is payday!",
        }
      }
      onSubmit={[Function]}
    />
    <div
      className="button-container"
    >
      <button
        className="button button--secondary"
        onClick={[Function]}
      >
        Remove Expense
      </button>
    </div>
  </div>
</div>
`;
