// Jest Snapshot v1, https://goo.gl/fbAQLP

exports[`render ExpenseSummary with multiple expenses 1`] = `
<div>
  <h1>
    Viewing 
    1
     
    expense
     totalling 
    $0.00
     
  </h1>
</div>
`;

exports[`render ExpenseSummary with one expense 1`] = `
<div>
  <h1>
    Viewing 
    1
     
    expense
     totalling 
    $0.00
     
  </h1>
</div>
`;
