// Jest Snapshot v1, https://goo.gl/fbAQLP

exports[`render ExpenseList with empty message 1`] = `
<div>
  <p>
    No Expenses
  </p>
</div>
`;

exports[`render ExpenseList with expenses 1`] = `
<div>
  <ExpenseListItem
    amount={100}
    createdAt={0}
    description="Candy"
    id="1"
    key="1"
    note="I like candy"
  />
  <ExpenseListItem
    amount={15000}
    createdAt={-259200000}
    description="Luxury Bag"
    id="2"
    key="2"
    note="This bag is so cool"
  />
  <ExpenseListItem
    amount={4500}
    createdAt={259200000}
    description="Online Shopping"
    id="3"
    key="3"
    note="Today is payday!"
  />
</div>
`;
